// Jest Snapshot v1, https://goo.gl/fbAQLP

exports[`Modal component 
  dimension: "large", open: true
 1`] = `
<body
  style="overflow: hidden;"
>
  <div
    class="Overlay-wrapper"
  >
    <div
      class="Row Row Overlay-container Overlay-container--open"
      data-layer="true"
      data-test="DesignSystem-ModalContainer"
    >
      <div
        class="Col Col--6 Col--xs-10 Col--m-8 Col--l-8 Modal Modal--open Modal-animation--open"
        data-test="DesignSystem-Modal"
      >
        <div
          class="Modal-header"
        >
          <div
            class="Col"
            data-test="DesignSystem-Column"
          >
            <div
              class="OverlayHeader"
              data-test="DesignSystem-OverlayHeader"
            >
              <div
                class="OverlayHeader-headerWrapper"
              >
                <h4
                  class="Heading Heading--m Heading--default"
                  data-test="DesignSystem-OverlayHeader--heading"
                >
                  Heading
                </h4>
              </div>
              <span
                class="Text Text--subtle Text--regular OverlayHeader-subheading"
                data-test="DesignSystem-OverlayHeader--Subheading"
              >
                Subheading
              </span>
            </div>
          </div>
          <div
            class="Col flex-grow-0"
            data-test="DesignSystem-Column"
          >
            <button
              class="Button Button--regular Button--regularSquare Button--transparent"
              data-test="DesignSystem-Modal--CloseButton"
              tabindex="0"
            >
              <div
                class="Button-icon"
              >
                <i
                  class="material-icons material-icons-round Icon Icon--default"
                  data-test="DesignSystem-Button--Icon"
                  style="font-size: 16px; width: 16px;"
                >
                  close_round
                </i>
              </div>
            </button>
          </div>
        </div>
      </div>
    </div>
  </div>
  <div />
  <div
    class="Backdrop Backdrop--open Backdrop-animation--open"
    data-layer="true"
    data-test="DesignSystem-Backdrop"
  />
</body>
`;

exports[`Modal component 
  dimension: "large", open: true, backdropClose: "[Function]"
 1`] = `
<body
  style="overflow: hidden;"
>
  <div
    class="Overlay-wrapper"
  >
    <div
      class="OutsideClick"
      data-test="DesignSystem-Modal--OutsideClick"
    >
      <div
        class="Row Row Overlay-container Overlay-container--open"
        data-layer="true"
        data-test="DesignSystem-ModalContainer"
      >
        <div
          class="Col Col--6 Col--xs-10 Col--m-8 Col--l-8 Modal Modal--open Modal-animation--open"
          data-test="DesignSystem-Modal"
        >
          <div
            class="Modal-header"
          >
            <div
              class="Col"
              data-test="DesignSystem-Column"
            >
              <div
                class="OverlayHeader"
                data-test="DesignSystem-OverlayHeader"
              >
                <div
                  class="OverlayHeader-headerWrapper"
                >
                  <h4
                    class="Heading Heading--m Heading--default"
                    data-test="DesignSystem-OverlayHeader--heading"
                  >
                    Heading
                  </h4>
                </div>
                <span
                  class="Text Text--subtle Text--regular OverlayHeader-subheading"
                  data-test="DesignSystem-OverlayHeader--Subheading"
                >
                  Subheading
                </span>
              </div>
            </div>
            <div
              class="Col flex-grow-0"
              data-test="DesignSystem-Column"
            >
              <button
                class="Button Button--regular Button--regularSquare Button--transparent"
                data-test="DesignSystem-Modal--CloseButton"
                tabindex="0"
              >
                <div
                  class="Button-icon"
                >
                  <i
                    class="material-icons material-icons-round Icon Icon--default"
                    data-test="DesignSystem-Button--Icon"
                    style="font-size: 16px; width: 16px;"
                  >
                    close_round
                  </i>
                </div>
              </button>
            </div>
          </div>
        </div>
      </div>
    </div>
  </div>
  <div />
  <div
    class="Backdrop Backdrop--open Backdrop-animation--open"
    data-layer="true"
    data-test="DesignSystem-Backdrop"
  />
</body>
`;

exports[`Modal component 
  dimension: "medium", open: true
 1`] = `
<body
  style="overflow: hidden;"
>
  <div
    class="Overlay-wrapper"
  >
    <div
      class="Row Row Overlay-container Overlay-container--open"
      data-layer="true"
      data-test="DesignSystem-ModalContainer"
    >
      <div
        class="Col Col--4 Col--xs-10 Col--m-6 Col--l-6 Modal Modal--open Modal-animation--open"
        data-test="DesignSystem-Modal"
      >
        <div
          class="Modal-header"
        >
          <div
            class="Col"
            data-test="DesignSystem-Column"
          >
            <div
              class="OverlayHeader"
              data-test="DesignSystem-OverlayHeader"
            >
              <div
                class="OverlayHeader-headerWrapper"
              >
                <h4
                  class="Heading Heading--m Heading--default"
                  data-test="DesignSystem-OverlayHeader--heading"
                >
                  Heading
                </h4>
              </div>
              <span
                class="Text Text--subtle Text--regular OverlayHeader-subheading"
                data-test="DesignSystem-OverlayHeader--Subheading"
              >
                Subheading
              </span>
            </div>
          </div>
          <div
            class="Col flex-grow-0"
            data-test="DesignSystem-Column"
          >
            <button
              class="Button Button--regular Button--regularSquare Button--transparent"
              data-test="DesignSystem-Modal--CloseButton"
              tabindex="0"
            >
              <div
                class="Button-icon"
              >
                <i
                  class="material-icons material-icons-round Icon Icon--default"
                  data-test="DesignSystem-Button--Icon"
                  style="font-size: 16px; width: 16px;"
                >
                  close_round
                </i>
              </div>
            </button>
          </div>
        </div>
      </div>
    </div>
  </div>
  <div />
  <div
    class="Backdrop Backdrop--open Backdrop-animation--open"
    data-layer="true"
    data-test="DesignSystem-Backdrop"
  />
</body>
`;

exports[`Modal component 
  dimension: "medium", open: true, backdropClose: "[Function]"
 1`] = `
<body
  style="overflow: hidden;"
>
  <div
    class="Overlay-wrapper"
  >
    <div
      class="OutsideClick"
      data-test="DesignSystem-Modal--OutsideClick"
    >
      <div
        class="Row Row Overlay-container Overlay-container--open"
        data-layer="true"
        data-test="DesignSystem-ModalContainer"
      >
        <div
          class="Col Col--4 Col--xs-10 Col--m-6 Col--l-6 Modal Modal--open Modal-animation--open"
          data-test="DesignSystem-Modal"
        >
          <div
            class="Modal-header"
          >
            <div
              class="Col"
              data-test="DesignSystem-Column"
            >
              <div
                class="OverlayHeader"
                data-test="DesignSystem-OverlayHeader"
              >
                <div
                  class="OverlayHeader-headerWrapper"
                >
                  <h4
                    class="Heading Heading--m Heading--default"
                    data-test="DesignSystem-OverlayHeader--heading"
                  >
                    Heading
                  </h4>
                </div>
                <span
                  class="Text Text--subtle Text--regular OverlayHeader-subheading"
                  data-test="DesignSystem-OverlayHeader--Subheading"
                >
                  Subheading
                </span>
              </div>
            </div>
            <div
              class="Col flex-grow-0"
              data-test="DesignSystem-Column"
            >
              <button
                class="Button Button--regular Button--regularSquare Button--transparent"
                data-test="DesignSystem-Modal--CloseButton"
                tabindex="0"
              >
                <div
                  class="Button-icon"
                >
                  <i
                    class="material-icons material-icons-round Icon Icon--default"
                    data-test="DesignSystem-Button--Icon"
                    style="font-size: 16px; width: 16px;"
                  >
                    close_round
                  </i>
                </div>
              </button>
            </div>
          </div>
        </div>
      </div>
    </div>
  </div>
  <div />
  <div
    class="Backdrop Backdrop--open Backdrop-animation--open"
    data-layer="true"
    data-test="DesignSystem-Backdrop"
  />
</body>
`;

exports[`Modal component 
  dimension: "small", open: true
 1`] = `
<body
  style="overflow: hidden;"
>
  <div />
  <div
    class="Overlay-wrapper"
  >
    <div
      class="Row Row Overlay-container Overlay-container--open"
      data-layer="true"
      data-test="DesignSystem-ModalContainer"
    >
      <div
        class="Col Col--3 Col--xs-10 Col--m-4 Col--l-4 Modal Modal--open Modal-animation--open"
        data-test="DesignSystem-Modal"
      >
        <div
          class="Modal-header"
        >
          <div
            class="Col"
            data-test="DesignSystem-Column"
          >
            <div
              class="OverlayHeader"
              data-test="DesignSystem-OverlayHeader"
            >
              <div
                class="OverlayHeader-headerWrapper"
              >
                <h4
                  class="Heading Heading--m Heading--default"
                  data-test="DesignSystem-OverlayHeader--heading"
                >
                  Heading
                </h4>
              </div>
              <span
                class="Text Text--subtle Text--regular OverlayHeader-subheading"
                data-test="DesignSystem-OverlayHeader--Subheading"
              >
                Subheading
              </span>
            </div>
          </div>
          <div
            class="Col flex-grow-0"
            data-test="DesignSystem-Column"
          >
            <button
              class="Button Button--regular Button--regularSquare Button--transparent"
              data-test="DesignSystem-Modal--CloseButton"
              tabindex="0"
            >
              <div
                class="Button-icon"
              >
                <i
                  class="material-icons material-icons-round Icon Icon--default"
                  data-test="DesignSystem-Button--Icon"
                  style="font-size: 16px; width: 16px;"
                >
                  close_round
                </i>
              </div>
            </button>
          </div>
        </div>
      </div>
    </div>
  </div>
  <div
    class="Backdrop Backdrop--open Backdrop-animation--open"
    data-layer="true"
    data-test="DesignSystem-Backdrop"
  />
</body>
`;

exports[`Modal component 
  dimension: "small", open: true, backdropClose: "[Function]"
 1`] = `
<body
  style="overflow: hidden;"
>
  <div
    class="Overlay-wrapper"
  >
    <div
      class="OutsideClick"
      data-test="DesignSystem-Modal--OutsideClick"
    >
      <div
        class="Row Row Overlay-container Overlay-container--open"
        data-layer="true"
        data-test="DesignSystem-ModalContainer"
      >
        <div
          class="Col Col--3 Col--xs-10 Col--m-4 Col--l-4 Modal Modal--open Modal-animation--open"
          data-test="DesignSystem-Modal"
        >
          <div
            class="Modal-header"
          >
            <div
              class="Col"
              data-test="DesignSystem-Column"
            >
              <div
                class="OverlayHeader"
                data-test="DesignSystem-OverlayHeader"
              >
                <div
                  class="OverlayHeader-headerWrapper"
                >
                  <h4
                    class="Heading Heading--m Heading--default"
                    data-test="DesignSystem-OverlayHeader--heading"
                  >
                    Heading
                  </h4>
                </div>
                <span
                  class="Text Text--subtle Text--regular OverlayHeader-subheading"
                  data-test="DesignSystem-OverlayHeader--Subheading"
                >
                  Subheading
                </span>
              </div>
            </div>
            <div
              class="Col flex-grow-0"
              data-test="DesignSystem-Column"
            >
              <button
                class="Button Button--regular Button--regularSquare Button--transparent"
                data-test="DesignSystem-Modal--CloseButton"
                tabindex="0"
              >
                <div
                  class="Button-icon"
                >
                  <i
                    class="material-icons material-icons-round Icon Icon--default"
                    data-test="DesignSystem-Button--Icon"
                    style="font-size: 16px; width: 16px;"
                  >
                    close_round
                  </i>
                </div>
              </button>
            </div>
          </div>
        </div>
      </div>
    </div>
  </div>
  <div />
  <div
    class="Backdrop Backdrop--open Backdrop-animation--open"
    data-layer="true"
    data-test="DesignSystem-Backdrop"
  />
</body>
`;
